-13
-10
-8
-6
-6
-1
1
3
7
8
---
-88
-86
-67
-56
-49
-37
-5
0
5
5
18
22
23
38
49